
> @jeffcaradona/eslint-plugin-eta@0.1.1 test:prod
> npm run lint && npm run test -- --no-cache


> @jeffcaradona/eslint-plugin-eta@0.1.1 lint
> eslint lib/**/*.js test/**/*.js --ext .js

node.exe : 
At line:1 char:1
+ & "C:\nvm4w\nodejs/node.exe" "C:\nvm4w\nodejs/node_modules/npm/bin/np ...
+ ~~~~~~~~~~~~~~~~~~~~~~~~~~~~~~~~~~~~~~~~~~~~~~~~~~~~~~~~~~~~~~~~~~~~~
    + CategoryInfo          : NotSpecified: (:String) [], RemoteException
    + FullyQualifiedErrorId : NativeCommandError
 
Oops! Something went wrong! :(

ESLint: 9.39.2

ESLint couldn't find an eslint.config.(js|mjs|cjs) file.

From ESLint v9.0.0, the default configuration file is now eslint.config.js.
If you are using a .eslintrc.* file, please follow the migration guide
to update your configuration file to the new format:

https://eslint.org/docs/latest/use/configure/migration-guide

If you still have problems after following the migration guide, please stop by
https://eslint.org/chat/help to chat with the team.

